2026-05-13 13:51:44,184 [INFO] === Nettoyage : C:\Users\J.P.M\Desktop\TD_S6\ApplicationIA\projet_2\data\brutes\hibou_grand_duc ===
2026-05-13 13:51:46,100 [INFO] [Corruption] 0 supprimée(s)
2026-05-13 13:51:46,132 [INFO] [Taille] 0 supprimée(s)
2026-05-13 13:51:48,979 [INFO] [Doublons] 0 supprimé(s)
2026-05-13 13:51:52,998 [INFO] [Filigrane] 0 supprimée(s)
2026-05-13 13:51:53,001 [INFO] Résumé : {'corrompues': 0, 'trop_petites': 0, 'doublons': 0, 'filigranes': 0, 'restantes': 81}

2026-05-13 13:51:53,002 [INFO] === Nettoyage : C:\Users\J.P.M\Desktop\TD_S6\ApplicationIA\projet_2\data\brutes\flamant_rose ===
2026-05-13 13:51:54,474 [INFO] [Corruption] 0 supprimée(s)
2026-05-13 13:51:54,500 [INFO] [Taille] 0 supprimée(s)
2026-05-13 13:51:55,449 [INFO] Doublon supprimé : image_0061.jpg
2026-05-13 13:51:55,875 [INFO] Doublon supprimé : image_0080.jpg
2026-05-13 13:51:56,328 [INFO] [Doublons] 2 supprimé(s)
2026-05-13 13:51:59,943 [INFO] [Filigrane] 0 supprimée(s)
2026-05-13 13:51:59,947 [INFO] Résumé : {'corrompues': 0, 'trop_petites': 0, 'doublons': 2, 'filigranes': 0, 'restantes': 92}

2026-05-13 13:51:59,948 [INFO] === Nettoyage : C:\Users\J.P.M\Desktop\TD_S6\ApplicationIA\projet_2\data\brutes\martin_pecheur ===
2026-05-13 13:52:00,819 [INFO] [Corruption] 0 supprimée(s)
2026-05-13 13:52:00,846 [INFO] [Taille] 0 supprimée(s)
2026-05-13 13:52:02,010 [INFO] [Doublons] 0 supprimé(s)
2026-05-13 13:52:04,249 [INFO] [Filigrane] 0 supprimée(s)
2026-05-13 13:52:04,253 [INFO] Résumé : {'corrompues': 0, 'trop_petites': 0, 'doublons': 0, 'filigranes': 0, 'restantes': 98}

2026-05-13 13:52:04,253 [INFO] === Nettoyage : C:\Users\J.P.M\Desktop\TD_S6\ApplicationIA\projet_2\data\brutes\cygne_tubercule ===
2026-05-13 13:52:04,907 [INFO] [Corruption] 0 supprimée(s)
2026-05-13 13:52:04,928 [INFO] [Taille] 0 supprimée(s)
2026-05-13 13:52:05,762 [INFO] [Doublons] 0 supprimé(s)
2026-05-13 13:52:07,587 [INFO] [Filigrane] 0 supprimée(s)
2026-05-13 13:52:07,589 [INFO] Résumé : {'corrompues': 0, 'trop_petites': 0, 'doublons': 0, 'filigranes': 0, 'restantes': 65}

2026-05-13 13:52:07,590 [INFO] === Nettoyage : C:\Users\J.P.M\Desktop\TD_S6\ApplicationIA\projet_2\data\brutes\pic_vert ===
2026-05-13 13:52:09,737 [INFO] [Corruption] 0 supprimée(s)
2026-05-13 13:52:09,765 [INFO] [Taille] 0 supprimée(s)
2026-05-13 13:52:11,629 [INFO] Doublon supprimé : image_0081.jpg
2026-05-13 13:52:12,579 [INFO] [Doublons] 1 supprimé(s)
2026-05-13 13:52:18,414 [INFO] [Filigrane] 0 supprimée(s)
2026-05-13 13:52:18,418 [INFO] Résumé : {'corrompues': 0, 'trop_petites': 0, 'doublons': 1, 'filigranes': 0, 'restantes': 98}

2026-05-13 13:58:52,676 [INFO] === Nettoyage : C:\Users\J.P.M\Desktop\TD_S6\ApplicationIA\projet_2\data\brutes\hibou_grand_duc ===
2026-05-13 13:58:54,392 [INFO] [Corruption] 0 supprimée(s)
2026-05-13 13:58:54,427 [INFO] [Taille] 0 supprimée(s)
2026-05-13 13:58:57,384 [INFO] [Doublons] 0 supprimé(s)
2026-05-13 13:58:57,457 [INFO] Filigrane probable supprimé : image_0001.webp
2026-05-13 13:58:57,757 [INFO] Filigrane probable supprimé : image_0010.jpg
2026-05-13 13:58:58,325 [INFO] Filigrane probable supprimé : image_0028.jpg
2026-05-13 13:58:58,564 [INFO] Filigrane probable supprimé : image_0035.jpg
2026-05-13 13:58:58,721 [INFO] Filigrane probable supprimé : image_0042.jpg
2026-05-13 13:58:59,344 [INFO] Filigrane probable supprimé : image_0056.jpg
2026-05-13 13:58:59,494 [INFO] Filigrane probable supprimé : image_0058.jpg
2026-05-13 13:59:00,264 [INFO] Filigrane probable supprimé : image_0073.png
2026-05-13 13:59:00,458 [INFO] Filigrane probable supprimé : image_0078.jpg
2026-05-13 13:59:00,679 [INFO] Filigrane probable supprimé : image_0081.webp
2026-05-13 13:59:00,745 [INFO] Filigrane probable supprimé : image_0083.jpg
2026-05-13 13:59:00,799 [INFO] Filigrane probable supprimé : image_0084.jpg
2026-05-13 13:59:01,255 [INFO] Filigrane probable supprimé : image_0094.jpg
2026-05-13 13:59:01,358 [INFO] Filigrane probable supprimé : image_0095.jpg
2026-05-13 13:59:01,584 [INFO] [Filigrane] 14 supprimée(s)
2026-05-13 13:59:01,587 [INFO] Résumé : {'corrompues': 0, 'trop_petites': 0, 'doublons': 0, 'filigranes': 14, 'restantes': 67}

2026-05-13 13:59:01,587 [INFO] === Nettoyage : C:\Users\J.P.M\Desktop\TD_S6\ApplicationIA\projet_2\data\brutes\flamant_rose ===
2026-05-13 13:59:03,173 [INFO] [Corruption] 0 supprimée(s)
2026-05-13 13:59:03,206 [INFO] [Taille] 0 supprimée(s)
2026-05-13 13:59:05,036 [INFO] [Doublons] 0 supprimé(s)
2026-05-13 13:59:05,389 [INFO] Filigrane probable supprimé : image_0012.jpg
2026-05-13 13:59:05,505 [INFO] Filigrane probable supprimé : image_0017.jpg
2026-05-13 13:59:05,611 [INFO] Filigrane probable supprimé : image_0018.jpg
2026-05-13 13:59:06,289 [INFO] Filigrane probable supprimé : image_0035.jpg
2026-05-13 13:59:06,590 [INFO] Filigrane probable supprimé : image_0046.jpg
2026-05-13 13:59:07,471 [INFO] Filigrane probable supprimé : image_0068.jpg
2026-05-13 13:59:07,724 [INFO] Filigrane probable supprimé : image_0078.jpg
2026-05-13 13:59:08,690 [INFO] Filigrane probable supprimé : image_0106.webp
2026-05-13 13:59:08,704 [INFO] [Filigrane] 8 supprimée(s)
2026-05-13 13:59:08,708 [INFO] Résumé : {'corrompues': 0, 'trop_petites': 0, 'doublons': 0, 'filigranes': 8, 'restantes': 84}

2026-05-13 13:59:08,708 [INFO] === Nettoyage : C:\Users\J.P.M\Desktop\TD_S6\ApplicationIA\projet_2\data\brutes\martin_pecheur ===
2026-05-13 13:59:09,518 [INFO] [Corruption] 0 supprimée(s)
2026-05-13 13:59:09,559 [INFO] [Taille] 0 supprimée(s)
2026-05-13 13:59:10,697 [INFO] [Doublons] 0 supprimé(s)
2026-05-13 13:59:11,006 [INFO] Filigrane probable supprimé : image_0009.jpg
2026-05-13 13:59:11,585 [INFO] Filigrane probable supprimé : image_0032.jpg
2026-05-13 13:59:12,091 [INFO] Filigrane probable supprimé : image_0058.jpg
2026-05-13 13:59:12,818 [INFO] Filigrane probable supprimé : image_0092.jpg
2026-05-13 13:59:12,956 [INFO] Filigrane probable supprimé : image_0096.jpg
2026-05-13 13:59:13,107 [INFO] [Filigrane] 5 supprimée(s)
2026-05-13 13:59:13,111 [INFO] Résumé : {'corrompues': 0, 'trop_petites': 0, 'doublons': 0, 'filigranes': 5, 'restantes': 93}

2026-05-13 13:59:13,112 [INFO] === Nettoyage : C:\Users\J.P.M\Desktop\TD_S6\ApplicationIA\projet_2\data\brutes\cygne_tubercule ===
2026-05-13 13:59:13,762 [INFO] [Corruption] 0 supprimée(s)
2026-05-13 13:59:13,782 [INFO] [Taille] 0 supprimée(s)
2026-05-13 13:59:14,733 [INFO] [Doublons] 0 supprimé(s)
2026-05-13 13:59:14,791 [INFO] Filigrane probable supprimé : image_0001.jpg
2026-05-13 13:59:14,804 [INFO] Filigrane probable supprimé : image_0002.jpg
2026-05-13 13:59:14,853 [INFO] Filigrane probable supprimé : image_0006.jpg
2026-05-13 13:59:15,277 [INFO] Filigrane probable supprimé : image_0015.jpg
2026-05-13 13:59:15,309 [INFO] Filigrane probable supprimé : image_0017.jpg
2026-05-13 13:59:15,552 [INFO] Filigrane probable supprimé : image_0024.jpg
2026-05-13 13:59:15,572 [INFO] Filigrane probable supprimé : image_0026.jpg
2026-05-13 13:59:15,598 [INFO] Filigrane probable supprimé : image_0027.jpg
2026-05-13 13:59:15,986 [INFO] Filigrane probable supprimé : image_0035.jpg
2026-05-13 13:59:16,450 [INFO] Filigrane probable supprimé : image_0047.jpg
2026-05-13 13:59:16,499 [INFO] Filigrane probable supprimé : image_0049.png
2026-05-13 13:59:16,630 [INFO] Filigrane probable supprimé : image_0057.jpg
2026-05-13 13:59:17,004 [INFO] [Filigrane] 12 supprimée(s)
2026-05-13 13:59:17,006 [INFO] Résumé : {'corrompues': 0, 'trop_petites': 0, 'doublons': 0, 'filigranes': 12, 'restantes': 53}

2026-05-13 13:59:17,006 [INFO] === Nettoyage : C:\Users\J.P.M\Desktop\TD_S6\ApplicationIA\projet_2\data\brutes\pic_vert ===
2026-05-13 13:59:19,230 [INFO] [Corruption] 0 supprimée(s)
2026-05-13 13:59:19,269 [INFO] [Taille] 0 supprimée(s)
2026-05-13 13:59:22,242 [INFO] [Doublons] 0 supprimé(s)
2026-05-13 13:59:22,373 [INFO] Filigrane probable supprimé : image_0002.jpg
2026-05-13 13:59:22,595 [INFO] Filigrane probable supprimé : image_0011.jpg
2026-05-13 13:59:22,603 [INFO] Filigrane probable supprimé : image_0012.jpg
2026-05-13 13:59:22,949 [INFO] Filigrane probable supprimé : image_0017.jpg
2026-05-13 13:59:23,722 [INFO] Filigrane probable supprimé : image_0026.jpg
2026-05-13 13:59:23,816 [INFO] Filigrane probable supprimé : image_0027.jpg
2026-05-13 13:59:24,098 [INFO] Filigrane probable supprimé : image_0036.jpg
2026-05-13 13:59:24,567 [INFO] Filigrane probable supprimé : image_0042.jpg
2026-05-13 13:59:24,635 [INFO] Filigrane probable supprimé : image_0044.jpg
2026-05-13 13:59:24,911 [INFO] Filigrane probable supprimé : image_0050.jpg
2026-05-13 13:59:24,931 [INFO] Filigrane probable supprimé : image_0051.jpg
2026-05-13 13:59:25,116 [INFO] Filigrane probable supprimé : image_0054.jpg
2026-05-13 13:59:25,711 [INFO] Filigrane probable supprimé : image_0068.webp
2026-05-13 13:59:26,028 [INFO] Filigrane probable supprimé : image_0075.jpg
2026-05-13 13:59:26,668 [INFO] Filigrane probable supprimé : image_0086.jpg
2026-05-13 13:59:27,302 [INFO] Filigrane probable supprimé : image_0096.jpg
2026-05-13 13:59:27,717 [INFO] Filigrane probable supprimé : image_0104.jpg
2026-05-13 13:59:27,776 [INFO] Filigrane probable supprimé : image_0105.jpg
2026-05-13 13:59:27,791 [INFO] Filigrane probable supprimé : image_0106.jpg
2026-05-13 13:59:27,991 [INFO] Filigrane probable supprimé : image_0108.jpg
2026-05-13 13:59:28,192 [INFO] [Filigrane] 20 supprimée(s)
2026-05-13 13:59:28,194 [INFO] Résumé : {'corrompues': 0, 'trop_petites': 0, 'doublons': 0, 'filigranes': 20, 'restantes': 78}

